{
    "fastq.gz + fasta.gz + coords.tsv - stub": {
        "content": [
            {
                "0": [
                    [
                        {
                            "id": "test"
                        },
                        "test.propagate.tsv:md5,d41d8cd98f00b204e9800998ecf8427e"
                    ]
                ],
                "1": [
                    [
                        {
                            "id": "test"
                        },
                        "test.propagate.log:md5,d41d8cd98f00b204e9800998ecf8427e"
                    ]
                ],
                "2": [
                    "versions.yml:md5,67ff2549247db9f84c3b0bb539876381"
                ],
                "log": [
                    [
                        {
                            "id": "test"
                        },
                        "test.propagate.log:md5,d41d8cd98f00b204e9800998ecf8427e"
                    ]
                ],
                "results": [
                    [
                        {
                            "id": "test"
                        },
                        "test.propagate.tsv:md5,d41d8cd98f00b204e9800998ecf8427e"
                    ]
                ],
                "versions": [
                    "versions.yml:md5,67ff2549247db9f84c3b0bb539876381"
                ]
            }
        ],
        "meta": {
            "nf-test": "0.9.0",
            "nextflow": "24.04.4"
        },
        "timestamp": "2024-10-15T12:59:13.594299418"
    },
    "fastq.gz + fasta.gz + coords.tsv": {
        "content": [
            {
                "0": [
                    [
                        {
                            "id": "test"
                        },
                        "test.propagate.tsv:md5,546afd777a6782677163130a5efb2869"
                    ]
                ],
                "1": [
                    [
                        {
                            "id": "test"
                        },
                        "test.propagate.log:md5,1312f9fad2b6a4cfc8a7166ef94883d8"
                    ]
                ],
                "2": [
                    "versions.yml:md5,67ff2549247db9f84c3b0bb539876381"
                ],
                "log": [
                    [
                        {
                            "id": "test"
                        },
                        "test.propagate.log:md5,1312f9fad2b6a4cfc8a7166ef94883d8"
                    ]
                ],
                "results": [
                    [
                        {
                            "id": "test"
                        },
                        "test.propagate.tsv:md5,546afd777a6782677163130a5efb2869"
                    ]
                ],
                "versions": [
                    "versions.yml:md5,67ff2549247db9f84c3b0bb539876381"
                ]
            }
        ],
        "meta": {
            "nf-test": "0.9.0",
            "nextflow": "24.04.4"
        },
        "timestamp": "2024-10-15T12:58:53.064115019"
    }
}