{
    "sarscov2-genome_fasta-stub": {
        "content": [
            {
                "0": [
                    [
                        {
                            "id": "test"
                        },
                        "test.fasta:md5,d41d8cd98f00b204e9800998ecf8427e"
                    ]
                ],
                "1": [
                    "versions.yml:md5,c1281e3f2fe960a95147ff8efe52986a"
                ],
                "fastx": [
                    [
                        {
                            "id": "test"
                        },
                        "test.fasta:md5,d41d8cd98f00b204e9800998ecf8427e"
                    ]
                ],
                "versions": [
                    "versions.yml:md5,c1281e3f2fe960a95147ff8efe52986a"
                ]
            }
        ],
        "meta": {
            "nf-test": "0.9.0",
            "nextflow": "24.04.4"
        },
        "timestamp": "2024-10-11T11:30:40.03141103"
    },
    "sarscov2-test_1_fastq_gz": {
        "content": [
            {
                "0": [
                    [
                        {
                            "id": "test"
                        },
                        "test.fastq.gz:md5,3dd77b8b832bb977908008619eeab7be"
                    ]
                ],
                "1": [
                    "versions.yml:md5,c1281e3f2fe960a95147ff8efe52986a"
                ],
                "fastx": [
                    [
                        {
                            "id": "test"
                        },
                        "test.fastq.gz:md5,3dd77b8b832bb977908008619eeab7be"
                    ]
                ],
                "versions": [
                    "versions.yml:md5,c1281e3f2fe960a95147ff8efe52986a"
                ]
            }
        ],
        "meta": {
            "nf-test": "0.9.0",
            "nextflow": "24.04.4"
        },
        "timestamp": "2024-10-11T11:30:19.62092629"
    },
    "sarscov2-genome_fasta": {
        "content": [
            {
                "0": [
                    [
                        {
                            "id": "test"
                        },
                        "test.fasta:md5,483f4a5dfe60171c86ee9b7e6dff908b"
                    ]
                ],
                "1": [
                    "versions.yml:md5,c1281e3f2fe960a95147ff8efe52986a"
                ],
                "fastx": [
                    [
                        {
                            "id": "test"
                        },
                        "test.fasta:md5,483f4a5dfe60171c86ee9b7e6dff908b"
                    ]
                ],
                "versions": [
                    "versions.yml:md5,c1281e3f2fe960a95147ff8efe52986a"
                ]
            }
        ],
        "meta": {
            "nf-test": "0.9.0",
            "nextflow": "24.04.4"
        },
        "timestamp": "2024-10-11T11:29:49.532001208"
    },
    "sarscov2-genome_fasta_gz": {
        "content": [
            {
                "0": [
                    [
                        {
                            "id": "test"
                        },
                        "test.fasta.gz:md5,483f4a5dfe60171c86ee9b7e6dff908b"
                    ]
                ],
                "1": [
                    "versions.yml:md5,c1281e3f2fe960a95147ff8efe52986a"
                ],
                "fastx": [
                    [
                        {
                            "id": "test"
                        },
                        "test.fasta.gz:md5,483f4a5dfe60171c86ee9b7e6dff908b"
                    ]
                ],
                "versions": [
                    "versions.yml:md5,c1281e3f2fe960a95147ff8efe52986a"
                ]
            }
        ],
        "meta": {
            "nf-test": "0.9.0",
            "nextflow": "24.04.4"
        },
        "timestamp": "2024-10-11T11:30:04.665415595"
    }
}