{
    "fasta.gz - bam - stub": {
        "content": [
            {
                "0": [
                    [
                        {
                            "id": "test"
                        },
                        "test.prophage.out:md5,d41d8cd98f00b204e9800998ecf8427e"
                    ]
                ],
                "1": [
                    "versions.yml:md5,e4ec57dd9ee845f5409bc7f06d89bfaf"
                ],
                "prophage": [
                    [
                        {
                            "id": "test"
                        },
                        "test.prophage.out:md5,d41d8cd98f00b204e9800998ecf8427e"
                    ]
                ],
                "versions": [
                    "versions.yml:md5,e4ec57dd9ee845f5409bc7f06d89bfaf"
                ]
            }
        ],
        "meta": {
            "nf-test": "0.8.4",
            "nextflow": "24.04.1"
        },
        "timestamp": "2024-07-16T11:27:20.147806848"
    },
    "fasta.gz - bam": {
        "content": [
            {
                "0": [
                    [
                        {
                            "id": "test"
                        },
                        "test.prophage.out:md5,d61244e2b46c77c9fd56259f1e953099"
                    ]
                ],
                "1": [
                    "versions.yml:md5,e4ec57dd9ee845f5409bc7f06d89bfaf"
                ],
                "prophage": [
                    [
                        {
                            "id": "test"
                        },
                        "test.prophage.out:md5,d61244e2b46c77c9fd56259f1e953099"
                    ]
                ],
                "versions": [
                    "versions.yml:md5,e4ec57dd9ee845f5409bc7f06d89bfaf"
                ]
            }
        ],
        "meta": {
            "nf-test": "0.8.4",
            "nextflow": "24.04.1"
        },
        "timestamp": "2024-07-16T11:27:10.134297791"
    }
}
