{
    "b_fragilis - fasta.gz": {
        "content": [
            [
                "versions.yml:md5,254cee6b6b2a35094c27e745590e1d43",
                "versions.yml:md5,5d0f9548b8cbeaa221b10e17b8860c56",
                "versions.yml:md5,a5ea7279e18f784bbdc6a1a947f53735",
                "versions.yml:md5,b32b2b59f4acde593188a1ade7f1b371",
                "versions.yml:md5,c5017d798be666740adc0950007bfb8c",
                "versions.yml:md5,dbca785f9f6f2d19599f052ab9612ade"
            ],
            31630
        ],
        "meta": {
            "nf-test": "0.9.0",
            "nextflow": "24.04.4"
        },
        "timestamp": "2024-10-09T14:55:20.819560046"
    }
}