{
    "fasta.gz - stub": {
        "content": [
            {
                "0": [
                    [
                        {
                            "id": "test"
                        },
                        "test.mvirs.dr_info.tsv:md5,d41d8cd98f00b204e9800998ecf8427e"
                    ]
                ],
                "1": [
                    "versions.yml:md5,b294b3face7c97a2fe35511627a314f7"
                ],
                "dr_info": [
                    [
                        {
                            "id": "test"
                        },
                        "test.mvirs.dr_info.tsv:md5,d41d8cd98f00b204e9800998ecf8427e"
                    ]
                ],
                "versions": [
                    "versions.yml:md5,b294b3face7c97a2fe35511627a314f7"
                ]
            }
        ],
        "meta": {
            "nf-test": "0.9.0",
            "nextflow": "24.04.4"
        },
        "timestamp": "2024-10-24T13:43:00.083405936"
    },
    "fasta.gz": {
        "content": [
            {
                "0": [
                    [
                        {
                            "id": "test"
                        },
                        "test.mvirs.dr_info.tsv:md5,de46c5844de598ab7bf4ec4fe4054907"
                    ]
                ],
                "1": [
                    "versions.yml:md5,b294b3face7c97a2fe35511627a314f7"
                ],
                "dr_info": [
                    [
                        {
                            "id": "test"
                        },
                        "test.mvirs.dr_info.tsv:md5,de46c5844de598ab7bf4ec4fe4054907"
                    ]
                ],
                "versions": [
                    "versions.yml:md5,b294b3face7c97a2fe35511627a314f7"
                ]
            }
        ],
        "meta": {
            "nf-test": "0.9.0",
            "nextflow": "24.04.4"
        },
        "timestamp": "2024-10-24T14:26:51.900075963"
    }
}