{
    "sratools/prefetch/stub": {
        "content": [
            {
                "0": [
                    [
                        {
                            "id": "test",
                            "single_end": false
                        },
                        [
                            "DRR000774.sra:md5,d41d8cd98f00b204e9800998ecf8427e"
                        ]
                    ]
                ],
                "1": [
                    "versions.yml:md5,6817847139490aadb690213ab90461da"
                ],
                "sra": [
                    [
                        {
                            "id": "test",
                            "single_end": false
                        },
                        [
                            "DRR000774.sra:md5,d41d8cd98f00b204e9800998ecf8427e"
                        ]
                    ]
                ],
                "versions": [
                    "versions.yml:md5,6817847139490aadb690213ab90461da"
                ]
            }
        ],
        "meta": {
            "nf-test": "0.9.0",
            "nextflow": "24.04.4"
        },
        "timestamp": "2024-10-24T10:53:20.604854587"
    },
    "sratools/prefetch with sralite": {
        "content": [
            {
                "0": [
                    [
                        {
                            "id": "test",
                            "single_end": false
                        },
                        [
                            "SRR1170046.sralite:md5,7acfce556ca0951aff49d780899c105b"
                        ]
                    ]
                ],
                "1": [
                    "versions.yml:md5,6817847139490aadb690213ab90461da"
                ],
                "sra": [
                    [
                        {
                            "id": "test",
                            "single_end": false
                        },
                        [
                            "SRR1170046.sralite:md5,7acfce556ca0951aff49d780899c105b"
                        ]
                    ]
                ],
                "versions": [
                    "versions.yml:md5,6817847139490aadb690213ab90461da"
                ]
            }
        ],
        "meta": {
            "nf-test": "0.9.0",
            "nextflow": "24.04.4"
        },
        "timestamp": "2024-10-24T10:52:52.475577885"
    },
    "sratools/prefetch": {
        "content": [
            {
                "0": [
                    [
                        {
                            "id": "test",
                            "single_end": false
                        },
                        [
                            "DRR000774.sra:md5,7647dba20c89c0e3d7ad13842f060eb0"
                        ]
                    ]
                ],
                "1": [
                    "versions.yml:md5,6817847139490aadb690213ab90461da"
                ],
                "sra": [
                    [
                        {
                            "id": "test",
                            "single_end": false
                        },
                        [
                            "DRR000774.sra:md5,7647dba20c89c0e3d7ad13842f060eb0"
                        ]
                    ]
                ],
                "versions": [
                    "versions.yml:md5,6817847139490aadb690213ab90461da"
                ]
            }
        ],
        "meta": {
            "nf-test": "0.9.0",
            "nextflow": "24.04.4"
        },
        "timestamp": "2024-10-24T10:52:14.22368507"
    }
}