{
    "test_se_reads_size": {
        "content": [
            19996
        ],
        "meta": {
            "nf-test": "0.8.4",
            "nextflow": "23.10.1"
        },
        "timestamp": "2024-02-28T12:02:56.176292"
    },
    "test_pe_reads_2_lines": {
        "content": [
            [
                "@SRR11140744.1 M01472:285:000000000-CYHNP:1:1101:12117:3295 length=251",
                "ACAGGACACGAGTAACTCGTCTATCTTCTGCTGGCTGCTTACGGTTTCGTCCGTGTTGCAGCCGATCATCAGCACATCTAGGTTTCGTCCGGGTGTGACCGAAAGGTAAGATGGAGAGCCTTGTCCCTGGTTTCAACGAGAAAACACACGTCCAACTCAGTTTGCCTGTTTTACAGGTTCGCGACGTGCTCGTACGTGGCTTTGGAGACTCCGTGGAGGAGGTCTTATCAGAGGCACGTCAACATCTTAAA",
                "+SRR11140744.1 M01472:285:000000000-CYHNP:1:1101:12117:3295 length=251",
                "ABAAAFBFFBDBGGGGGGGGGGHHHHHHHHHHCHGHGGGHHHGGHGGHGHGGGHFHHHHHHHHGGGGGHHHHHHHHHFHHHHGHHHGHGGGGGEFGDGHHGFGGGHHHHHGHHGGHHFHHHHGHHHHHHHHHHHHHHGFFGGHHHHHHGGHHGGHHHHHEGHHHHHHHGHHGHHFHHHHHGGGGGGGGGGGGAGGG9BEFFFFFFFFFFFFFFEEFFFFFFFA.FFFFFFFEFEFFFFFFF.BFFFFFFFB",
                "@SRR11140744.2 M01472:285:000000000-CYHNP:1:1101:20752:3564 length=238",
                "GTGCACTCACGCAGTATAATTAATAACTAATTACTGTCGTTGACAGGACACGAGTAACTCGTCTATCTTCTGCAGGCTGCTTACGGTTTCGTCCGTGTTGCAGCCGATCATCAGCACATCTAGGTTTCGTCCGGGTGTGACCGAAAGGTAAGATGGAGAGCCTTGTCCCTGGTTTCAACGAGAAAACACACGTCCAACTCAGTTTGCCTGTTTTACAGGTTCGCGACGTGCTCGTACG"
            ]
        ],
        "meta": {
            "nf-test": "0.8.4",
            "nextflow": "23.10.1"
        },
        "timestamp": "2024-02-28T12:02:56.166207"
    },
    "test_pe_reads_2_size": {
        "content": [
            2011460
        ],
        "meta": {
            "nf-test": "0.8.4",
            "nextflow": "23.10.1"
        },
        "timestamp": "2024-02-28T12:02:56.168869"
    },
    "versions": {
        "content": [
            [
                "versions.yml:md5,2c2d8c1ec453ce601d6e090103ea248a",
                "versions.yml:md5,6ebe8e632902a355452ef978b19746a7",
                "versions.yml:md5,7f9cdf486c1004daa94db11a117d29f8"
            ]
        ],
        "meta": {
            "nf-test": "0.9.0",
            "nextflow": "24.04.4"
        },
        "timestamp": "2024-10-24T11:03:10.0633581"
    },
    "test_pe_reads_1_size": {
        "content": [
            2011460
        ],
        "meta": {
            "nf-test": "0.8.4",
            "nextflow": "24.01.0"
        },
        "timestamp": "2024-02-28T15:19:18.677234"
    },
    "test_se_reads_lines": {
        "content": [
            [
                "@DRR000774.1 1 length=421",
                "ACGCAGGTGCCAGCAGCCGCGGTAATACGTAGGATCCGAGCGTTGTCCGGATTTATTGGGCGTAAAGGGTGCGTAGGCGGCTTGTCAAGTCTCATGTGAAATCTCCCGGCTCAACTGGGAGGGTCATGGGAAACTGATGAGCTCGAGGGCAGTAGAGGGAAGCGGAATTCCGAGAGTAGTGGTGAAATGCGTAGATACTCGGAGGAACACCAGTGGCGAAAGCGGCTTCCTGGACTGTACCTGACGCTGAGGCACGAAAGCGTGGGGAGCAAACCGGATTAGATACCCGGGTAGTCCACGCCCTAAACGATGGATACTAGATATAGGGGGTATCGACCCTCTGTGTCGAAGCTAACGCATTAAGTATCCCGCCTGAGGAGTACGGCCGCAAGGCTAAAACTTAAGGAATTGACGGCTGCGT",
                "+DRR000774.1 1 length=421",
                "FFFFFFFFFFFIIIIIIIIIIIIIIIIIIIIIIIIIIIIIIIIIIIIIIIHHFFFFFFFFFFFFFFFFFFFFFFFFFFFFFFFFFFFFFFFFFFFFFF:88FFF888???DBBBBB666F222ADDDFFF::;FFFFFFFFFFFFFFFFFFFFFFFFFFFF9:::FFFFCCCFFFFDDDFFFFF<<<FFFFFFFFFFFFFFFFFFFFFDDDFFFFFCC???FFCAADD::9FFFFD;;;FFFFFFFFFFFFFFFGA?==BA==2221<6@;<<@@551?ADDDDD:::CC?DBABBA5552219;;87<7988?====BDD:::?57555??=<4/0004044???ABDDDDDDDDB><<<8888886623//38><83238@B@@<;855557,,,,,,,0/0;;8:==DDDDDDDDD9:",
                "@DRR000774.2 2 length=126",
                "ACGCAGGTGCCAGCAGCCGCGGTAATACGGAGGGAGCTAGCGTTGTTCGGAATTACTGGGCGTAAAGCGCACGTAGGCGGCTTTTCAAGTCAGGGGTGGAAATACCCGGGGCCGTCAACCCGACCG"
            ]
        ],
        "meta": {
            "nf-test": "0.8.4",
            "nextflow": "23.10.1"
        },
        "timestamp": "2024-02-28T12:02:56.171227"
    },
    "test_pe_reads_1_lines": {
        "content": [
            [
                "@SRR11140744.1 M01472:285:000000000-CYHNP:1:1101:12117:3295 length=251",
                "ACATAGGGCTGTTCAAGTTGAGGCAAAACGCCTTTTTCAACTTCTACTAAGCCACAAGTGCCATCTTTAAGATGTTGACGTGCCTCTGATAAGACCTCCTCCACGGAGTCTCCAAAGCCACGTACGAGCACGTCGCGAACCTGTAAAACAGGCAAACTGAGTTGGACGTGTGTTTTCTCGTTGAAACCAGGGACAAGGCTCTCCATCTTACCTTTCGGTCACACCCGGACGAAACCTAGATGTGCTGATGA",
                "+SRR11140744.1 M01472:285:000000000-CYHNP:1:1101:12117:3295 length=251",
                "BCCCCFFFFFCFGGGGGGGGGGHGGHHHHGGGHGHHHHHHHHHHHHHHHHHHHHHHHGHHHHHHHHHHHHHHHHHHHHHGGGHHHHHGHHGHHHHHHHHHHHHHGGGGGHHHHHHHHHHHHGHHHGGGGGHGHHGGGGGGGHHHHHHHHHHHGGHHHHHFHHHHHHHGGGHHHHHHHHHGGGHHHHHHHHGGGGGGGFGGGGGGGGGGGGGGGGGGGGGGFFFFFFFFFDFFFFFFFFFFFFFFFFFFFFB",
                "@SRR11140744.2 M01472:285:000000000-CYHNP:1:1101:20752:3564 length=238",
                "CGTACGAGCACGTCGCGAACCTGTAAAACAGGCAAACTGAGTTGGACGTGTGTTTTCTCGTTGAAACCAGGGACAAGGCTCTCCATCTTACCTTTCGGTCACACCCGGACGAAACCTAGATGTGCTGATGATCGGCTGCAACACGGACGAAACCGTAAGCAGCCTGCAGAAGATAGACGAGTTACTCGTGTCCTGTCAACGACAGTAATTAGTTATTAATTATACTGCGTGAGTGCAC"
            ]
        ],
        "meta": {
            "nf-test": "0.8.4",
            "nextflow": "23.10.1"
        },
        "timestamp": "2024-02-28T12:02:56.161354"
    }
}